what does it shows when i have done some changes

day 1 : 
User@editing MINGW64 /d/CODE/Git directry
$ git status
fatal: not a git repository (or any of the parent directories): .git

User@editing MINGW64 /d/CODE/Git directry
$ git init
Initialized empty Git repository in D:/CODE/Git directry/.git/

User@editing MINGW64 /d/CODE/Git directry (master)
$ git status
On branch master

No commits yet

Untracked files:
  (use "git add <file>..." to include in what will be committed)
        text.txt

nothing added to commit but untracked files present (use "git add" to track)

User@editing MINGW64 /d/CODE/Git directry (master)
$ git add --a

User@editing MINGW64 /d/CODE/Git directry (master)
$ git add --a

User@editing MINGW64 /d/CODE/Git directry (master)
$ git add -a
error: unknown switch `a'
usage: git add [<options>] [--] <pathspec>...

    -n, --dry-run         dry run
    -v, --verbose         be verbose

    -i, --interactive     interactive picking
    -p, --patch           select hunks interactively
    -e, --edit            edit current diff and apply
    -f, --force           allow adding otherwise ignored files
    -u, --update          update tracked files
    --renormalize         renormalize EOL of tracked files (implies -u)
    -N, --intent-to-add   record only the fact that the path will be added later
    -A, --all             add changes from all tracked and untracked files
    --ignore-removal      ignore paths removed in the working tree (same as --no-all)
    --refresh             don't add, only refresh the index
    --ignore-errors       just skip files which cannot be added because of errors
    --ignore-missing      check if - even missing - files are ignored in dry run
    --sparse              allow updating entries outside of the sparse-checkout cone
    --chmod (+|-)x        override the executable bit of the listed files
    --pathspec-from-file <file>
                          read pathspec from file
    --pathspec-file-nul   with --pathspec-from-file, pathspec elements are separated with NUL character


User@editing MINGW64 /d/CODE/Git directry (master)
$ git status
On branch master

No commits yet

Changes to be committed:
  (use "git rm --cached <file>..." to unstage)
        new file:   text.txt


User@editing MINGW64 /d/CODE/Git directry (master)
$ git commit -m
error: switch `m' requires a value

User@editing MINGW64 /d/CODE/Git directry (master)
$ git commit -m "Just starteed"
[master (root-commit) 4ce1f0b] Just starteed
 1 file changed, 0 insertions(+), 0 deletions(-)
 create mode 100644 text.txt

User@editing MINGW64 /d/CODE/Git directry (master)
$ git status
On branch master
nothing to commit, working tree clean

User@editing MINGW64 /d/CODE/Git directry (master)
$ git status
On branch master
Changes not staged for commit:
  (use "git add <file>..." to update what will be committed)
  (use "git restore <file>..." to discard changes in working directory)
        modified:   text.txt

no changes added to commit (use "git add" and/or "git commit -a")

User@editing MINGW64 /d/CODE/Git directry (master)
$ git status
On branch master
Changes not staged for commit:
  (use "git add <file>..." to update what will be committed)
  (use "git restore <file>..." to discard changes in working directory)
        modified:   text.txt

Untracked files:
  (use "git add <file>..." to include in what will be committed)
        day1.py

no changes added to commit (use "git add" and/or "git commit -a")

User@editing MINGW64 /d/CODE/Git directry (master)
$ git add day1.py

User@editing MINGW64 /d/CODE/Git directry (master)
$ git status
On branch master
Changes to be committed:
  (use "git restore --staged <file>..." to unstage)
        new file:   day1.py

Changes not staged for commit:
  (use "git add <file>..." to update what will be committed)
  (use "git restore <file>..." to discard changes in working directory)
        modified:   text.txt


User@editing MINGW64 /d/CODE/Git directry (master)
$ git commit -m "i think i did something to the day1 python file"
[master c4d02d5] i think i did something to the day1 python file
 1 file changed, 1221 insertions(+)
 create mode 100644 day1.py

User@editing MINGW64 /d/CODE/Git directry (master)
$ ^C

User@editing MINGW64 /d/CODE/Git directry (master)

rm -rf to delete the whole directry


